// Jest Snapshot v1, https://goo.gl/fbAQLP

exports[`Componente de Interesse snapshot 1`] = `
<div class="container">
  <div class="layout">
    <div class="flex xs12">
      <div class="v-card v-card--flat theme--light">
        <div class="v-card__title text-xs-left pb-0 body-2 v-card__title--primary">
          Tem interesse em fazer alguma dessas disciplinas neste módulo?
        </div>
        <div class="v-card__text py-0 px-0">
          <div class="container px-3 pt-0 fluid">
            <div class="v-input disciplinas-pendentes v-input--selection-controls v-input--checkbox v-input--hide-details theme--light">
              <div class="v-input__control">
                <div class="v-input__slot">
                  <div class="v-input--selection-controls__input"><input aria-checked="false" id="disciplina-1" role="checkbox" type="checkbox" value="[object Object]">
                    <div class="v-input--selection-controls__ripple"></div><i aria-hidden="true" class="v-icon material-icons theme--light">check_box_outline_blank</i>
                  </div><label aria-hidden="true" class="v-label theme--light" style="left: 0px; position: relative;">
                    <div class="body-1 black--text">
                      Cálculo I
                    </div>
                  </label>
                </div>
              </div>
            </div>
            <div class="v-input disciplinas-pendentes v-input--selection-controls v-input--checkbox v-input--hide-details v-input--is-label-active v-input--is-dirty theme--light">
              <div class="v-input__control">
                <div class="v-input__slot">
                  <div class="v-input--selection-controls__input"><input aria-checked="true" id="disciplina-2" role="checkbox" type="checkbox" value="[object Object]">
                    <div class="v-input--selection-controls__ripple primary--text"></div><i aria-hidden="true" class="v-icon material-icons theme--light primary--text">check_box</i>
                  </div><label aria-hidden="true" class="v-label theme--light" style="left: 0px; position: relative;">
                    <div class="body-1 black--text">
                      Física II
                    </div>
                  </label>
                </div>
              </div>
            </div>
            <div class="v-input disciplinas-pendentes v-input--selection-controls v-input--checkbox v-input--hide-details theme--light">
              <div class="v-input__control">
                <div class="v-input__slot">
                  <div class="v-input--selection-controls__input"><input aria-checked="false" id="disciplina-3" role="checkbox" type="checkbox" value="[object Object]">
                    <div class="v-input--selection-controls__ripple"></div><i aria-hidden="true" class="v-icon material-icons theme--light">check_box_outline_blank</i>
                  </div><label aria-hidden="true" class="v-label theme--light" style="left: 0px; position: relative;">
                    <div class="body-1 black--text">
                      Algebra I
                    </div>
                  </label>
                </div>
              </div>
            </div>
          </div>
        </div>
      </div>
    </div>
  </div>
</div>
`;
