// Jest Snapshot v1, https://goo.gl/fbAQLP

exports[`Componente de Filtro de Turmas Snapshot 1`] = `
<div class="v-menu v-menu--inline">
  <div class="v-menu__activator"><button type="button" class="blue--text v-btn v-btn--flat theme--light" id="exibir-filtro">
      <div class="v-btn__content"><i aria-hidden="true" class="v-icon v-icon--left 
      mdi 
      mdi-filter
     theme--dark blue--text"></i>
        Filtrar
      </div>
    </button></div>
  <div class="v-menu__content theme--light " style="max-height: auto; min-width: 0px; max-width: auto; top: 12px; left: 0px; z-index: 0; display: none;">
    <div class="v-card theme--light">
      <div class="v-card__text">
        <div class="v-input v-input--selection-controls v-input--radio-group v-input--radio-group--column v-input--is-label-active v-input--is-dirty theme--light">
          <div class="v-input__control">
            <div class="v-input__slot" style="height: auto;">
              <div role="radiogroup" class="v-input--radio-group__input"><label aria-hidden="true" class="v-label theme--light" style="left: 0px; position: relative;">
                  <div class="primary--text">
                    Turno:
                  </div>
                </label>
                <div class="v-radio theme--light">
                  <div class="v-input--selection-controls__input"><input aria-checked="false" role="radio" type="radio" name="v-radio-29" value="false">
                    <div class="v-input--selection-controls__ripple"></div><i aria-hidden="true" class="v-icon material-icons theme--light">radio_button_unchecked</i>
                  </div><label aria-hidden="true" class="v-label theme--light" style="left: 0px; position: relative;">
                    <div>
                      Apenas no meu turno
                    </div>
                  </label>
                </div>
                <div class="v-radio theme--light accent--text">
                  <div class="v-input--selection-controls__input"><input aria-checked="true" role="radio" type="radio" name="v-radio-29" value="true">
                    <div class="v-input--selection-controls__ripple accent--text"></div><i aria-hidden="true" class="v-icon material-icons theme--light accent--text">radio_button_checked</i>
                  </div><label aria-hidden="true" class="v-label theme--light" style="left: 0px; position: relative;">
                    <div>
                      Todos turnos dispon√≠veis
                    </div>
                  </label>
                </div>
              </div>
            </div>
            <div class="v-messages theme--light"><span name="message-transition" tag="div" class="v-messages__wrapper"></span></div>
          </div>
        </div>
      </div>
      <div class="v-card__actions">
        <div class="spacer"></div> <button type="button" class="v-btn v-btn--flat theme--light">
          <div class="v-btn__content">Fechar</div>
        </button> <button type="button" class="v-btn v-btn--flat theme--light primary--text" id="aplicar-filtro">
          <div class="v-btn__content">
            Aplicar
          </div>
        </button>
      </div>
    </div>
  </div>
</div>
`;
