// Jest Snapshot v1, https://goo.gl/fbAQLP

exports[`Componente de Cabe√ßalho Snapshot 1`] = ``;
