// Jest Snapshot v1, https://goo.gl/fbAQLP

exports[`layout > black.vue deveRenderizar 1`] = `<router-view-stub></router-view-stub>`;
